%1 = OpFunction  %2  None %3
%4 = OpLabel
OpLine %5 13 12
%6 = OpLoad  %7  %8
%9 = OpCompositeExtract  %10  %6 0
%11 = OpCompositeExtract  %10  %6 1
OpLine %5 14 4
%12 = OpULessThan  %13  %14 %15
OpNoLine
OpSelectionMerge %16 None
OpBranchConditional %12 %17 %18
%17 = OpLabel
OpLine %5 14 4
%19 = OpFAdd  %10  %9 %20
OpLine %5 15 4
%21 = OpCompositeConstruct  %7  %19 %11
OpStore %22 %21
OpNoLine
OpBranch %16
%18 = OpLabel
OpBranch %16
%16 = OpLabel
OpReturn
OpFunctionEnd
