%1 = OpFunction  %2  None %3
%4 = OpLabel
OpLine %5 11 12
%6 = OpLoad  %7  %8
%9 = OpCompositeExtract  %10  %6 0
%11 = OpCompositeExtract  %10  %6 1
%12 = OpCompositeExtract  %10  %6 2
OpLine %5 12 4
%13 = OpULessThan  %14  %15 %16
OpNoLine
OpSelectionMerge %17 None
OpBranchConditional %13 %18 %19
%18 = OpLabel
OpLine %5 12 4
%20 = OpFAdd  %10  %9 %21
OpLine %5 13 4
%22 = OpCompositeConstruct  %7  %20 %11 %12
OpStore %23 %22
OpNoLine
OpBranch %17
%19 = OpLabel
OpBranch %17
%17 = OpLabel
OpReturn
OpFunctionEnd
