%1 = OpFunction  %2  None %3
%4 = OpLabel
OpLine %5 24 11
%6 = OpFunctionCall  %7  %8
OpLine %5 24 4
OpStore %9 %6
OpNoLine
OpReturn
OpFunctionEnd
