%1 = OpFunction  %2  None %3
%4 = OpLabel
OpLine %5 956 14
%6 = OpBitcast  %7  %8
OpLine %5 956 8
%9 = OpIEqual  %10  %6 %11
OpNoLine
OpSelectionMerge %12 None
OpBranchConditional %9 %13 %14
%13 = OpLabel
OpBranch %12
%14 = OpLabel
OpBranch %12
%12 = OpLabel
%15 = OpPhi  %10  %16 %13 %17 %14
%18 = OpPhi  %19  %20 %13 %21 %14
OpSelectionMerge %22 None
OpBranchConditional %15 %23 %24
%23 = OpLabel
OpBranch %22
%24 = OpLabel
OpBranch %22
%22 = OpLabel
OpLine %25 13 4
OpStore %26 %18
OpNoLine
OpReturn
OpFunctionEnd
